// Jest Snapshot v1, https://goo.gl/fbAQLP

exports[`EditExpensePage Component: Should render EditExpensePage correctly 1`] = `
<div>
  <ExpenseForm
    expense={
      Object {
        "amount": 2500,
        "createdAt": -345600000,
        "description": "Rent",
        "id": "2",
        "note": "This is the rent of the house",
      }
    }
    onSubmit={[Function]}
  />
  <button
    onClick={[Function]}
  >
    Remove
  </button>
</div>
`;
