// Jest Snapshot v1, https://goo.gl/fbAQLP

exports[`Header Component: Should render Header correctly 1`] = `
<header>
  <h1>
    Expensify
  </h1>
  <NavLink
    className={[Function]}
    to="/dashboard"
  >
    Dashboard
  </NavLink>
  <NavLink
    className={[Function]}
    to="/create"
  >
    Create Expense
  </NavLink>
  <NavLink
    className={[Function]}
    to="/edit"
  >
    Edit Expense
  </NavLink>
  <NavLink
    className={[Function]}
    to="/help"
  >
    Help
  </NavLink>
  <button
    onClick={[MockFunction]}
  >
    Logout
  </button>
</header>
`;
